{
  "data": {
    "warehouse": {
      "items": [
        {
          "name": "Warehouse E",
          "location": "London"
        },
        {
          "name": "Warehouse D",
          "location": "Tokyo"
        },
        {
          "name": "Warehouse C",
          "location": "Berlin"
        },
        {
          "name": "Warehouse B",
          "location": "Rivne"
        },
        {
          "name": "Warehouse A",
          "location": "New York"
        }
      ],
      "totalCount": 5
    }
  }
}
