{
  "data": {
    "warehouse": {
      "items": [
        {
          "name": "Warehouse K",
          "location": "Sydney"
        },
        {
          "name": "Warehouse J",
          "location": "Toronto"
        },
        {
          "name": "Warehouse I",
          "location": "Amsterdam"
        },
        {
          "name": "Warehouse H",
          "location": "Rome"
        },
        {
          "name": "Warehouse G",
          "location": "Madrid"
        }
      ],
      "totalCount": 11
    }
  }
}
